DROP TABLE Rel4;
DROP TABLE Rel3;
DROP TABLE Rel2;
DROP TABLE Rel1;
DROP TABLE Entity8;
DROP TABLE Entity7;
DROP TABLE Entity6;
DROP TABLE Entity5;
DROP TABLE Entity4;
DROP TABLE Entity3;
DROP TABLE Entity2;
DROP TABLE Entity1;
