// ER Model
erdiagram test
// Options
notation=chen
// Entities
entity Student {
	id: INT key
	name: VARCHAR(255) optional
	birthday: DATE optional
	age: SMALLINT optional
}
entity Course {
	course_nr: INT key
	course_name: VARCHAR(100) optional
	credits: SMALLINT optional
}
entity Instructor {
	instructor_id: INT key
	name: VARCHAR(255) optional
}
entity Department {
	dept_nr: INT key
	name: VARCHAR(100) optional
	abbreviation: CHAR(5) optional
}
entity Building {
	building_id: CHAR(8) key
	address: VARCHAR(255) optional
}
weak entity Room {
	room_nr: INT partial-key
}
weak entity Lecture {
	title: VARCHAR(255) partial-key
}
// Relationships
weak relationship BuildingRoom {
	Building[1] -> Room[N]
}
weak relationship CourseLecture {
	Course[1] -> Lecture[N]
}
relationship Exam {
	Student[N] -> Course[M] -> Instructor[L]	// example cardinalities
	points: DOUBLE optional
}
relationship Office {
	Room[N] -> Instructor[M]	// example cardinalities
}
relationship Work {
	Instructor[N] -> Department[M]	// example cardinalities
}
relationship Location {
	Building[N] -> Department[M]	// example cardinalities
}
