DROP TABLE Places;
DROP TABLE Order;
DROP TABLE Customer;
