// ER Model
erdiagram test
// Options
notation=chen
// Entities
entity Entity1 {
	id: VARCHAR(255) key	// added default type; added NULL constraint
}
entity Entity2 {
	id: VARCHAR(255) key	// added default type; added NULL constraint
}
entity Entity3 {
	id: VARCHAR(255) key	// added default type; added NULL constraint
}
entity Entity4 {
	id: VARCHAR(255) key	// added default type; added NULL constraint
}
entity Entity5 {
	id: VARCHAR(255) key	// added default type; added NULL constraint
}
entity Entity6 {
	id: VARCHAR(255) key	// added default type; added NULL constraint
}
entity Entity7 {
	id: VARCHAR(255) key	// added default type; added NULL constraint
}
entity Entity8 {
	id: VARCHAR(255) key	// added default type; added NULL constraint
}
// Relationships
relationship Rel1 {
	Entity1[N] -> Entity2[N]	// example cardinalities
}
relationship Rel2 {
	Entity3[N] -> Entity4[N]	// example cardinalities
}
relationship Rel3 {
	Entity5[N] -> Entity6[N]	// example cardinalities
}
relationship Rel4 {
	Entity7[N] -> Entity8[N]	// example cardinalities
}
