// ER Model
erdiagram test
// Options
notation=uml
// Entities
entity Abo {
	id_abo: int(11) key
	id_abo_group: int(11) optional
	id_abo_thread: int(11) optional
	id_abo_user: int(11) optional
	id_user: int(11)
	tim_timestamp: timestamp
}
entity Building {
	building_id: char(8) key
	address: varchar(255) optional
}
entity Chat {
	id_chat: int(11) key
	id_user: int(11)
	id_user_receiver: int(11)
	tim_timestamp: timestamp
	txt_text: text optional
	id_image_group: int(11) optional
}
entity Chat_seen {
	id_chat_seen: int(11) key
	id_user: int(11)
	id_user_receiver: int(11)
	tim_timestamp: timestamp
}
entity Comment {
	id_comment: int(11) key
	id_parent_comment: int(11) optional
	id_user: int(11)
	tim_timestamp: timestamp
	txt_text: text optional
	yn_privileged: int(11) optional
	id_image_group: int(11) optional
	id_current_comment: int(11) optional
	yn_deleted: int(11) optional
	id_reference: int(11) optional
	txt_ref_table: varchar(100) optional
	frc_latitude: double optional
	frc_longitude: double optional
	tim_create: timestamp
	tim_update: timestamp
}
entity Comment_group {
	dom_privacy: varchar(15)
	id_group: int(11) key
	id_image: int(11) optional
	id_image_group: int(11) optional
	id_parent_comment: int(11)
	id_user: int(11)
	tim_create: timestamp
	tim_timestamp: timestamp
	txt_title: varchar(100)
	id_user_update: int(11)
	tim_update: timestamp
	yn_click_collect: int(11) optional
}
entity Department {
	dept_nr: int(11) key
	name: varchar(100) optional
	abbreviation: char(5) optional
}
entity Course {
	course_nr: int(11) key
	course_name: varchar(100) optional
	credits: smallint(6) optional
}
entity Device {
	id_user: int(11)
	txt_last_device_token: varchar(300)
	txt_platform: varchar(30)
	txt_uuid: varchar(100) key
	tim_timestamp: timestamp
	txt_app_version: varchar(20) optional
	txt_device_name: varchar(200) optional
	txt_os_version: varchar(200) optional
	tim_create: timestamp
}
entity Event {
	frc_latitude: double optional
	frc_longitude: double optional
	id_event: int(11) key
	id_user: int(11)
	tim_end: timestamp
	tim_start: timestamp
	tim_timestamp: timestamp
	txt_location: varchar(100) optional
	txt_title: varchar(100)
	id_image: int(11) optional
	id_image_group: int(11) optional
	id_parent_comment: int(11)
	tim_create: timestamp
	id_user_update: int(11)
}
entity Filter {
	id_filter: int(11) key
	id_filter_parent: int(11) optional
	txt_icon_url: varchar(300) optional
	txt_name: varchar(100)
	yn_passion: int(11) optional
}
entity Filtered {
	id_filter: int(11)
	id_filtered: int(11) key
	id_thread: int(11) optional
	id_user: int(11) optional
}
entity Flag {
	id_flag: int(11) key
	id_flag_comment: int(11) optional
	id_flag_group: int(11) optional
	id_flag_thread: int(11) optional
	id_flag_user: int(11) optional
	id_user: int(11)
	tim_timestamp: timestamp
	txt_text: text
	id_image_group: int(11) optional
}
entity Global_settings {
	tim_last_newsletter_sent: timestamp optional
	txt_system: varchar(30) key
}
entity Group_member {
	id_group: int(11)
	id_group_member: int(11) key
	id_user: int(11)
	tim_timestamp: timestamp
	yn_admin: int(11) optional
	yn_verified: int(11) optional
}
entity Image {
	dom_privacy: varchar(15) optional
	id_image: int(11) key
	id_user: int(11)
	tim_timestamp: timestamp
	txt_image_url: varchar(1000)
	yn_deleted: int(11) optional
	id_parent_comment: int(11)
	tim_create: timestamp
}
entity Image_group {
	dom_privacy: varchar(15) optional
	id_image: int(11) optional
	id_image_group: int(11) key
	tim_timestamp: timestamp
	txt_title: varchar(100) optional
	yn_user_defined: int(11) optional
	id_user: int(11) optional
}
entity Image_group_member {
	id_image: int(11)
	id_image_group: int(11)
	id_image_group_member: int(11) key
}
weak entity Lecture {
	title: varchar(255) partial-key
}
entity Instructor {
	instructor_id: int(11) key
	name: varchar(255) optional
}
entity Likes {
	id_like: int(11) key
	id_liked_comment: int(11) optional
	id_liked_thread: int(11) optional
	id_user: int(11)
	tim_timestamp: timestamp
}
entity Link {
	id_link: int(11) key
	id_linked_comment: int(11) optional
	id_linked_user: int(11)
	id_user: int(11)
	tim_timestamp: timestamp
	yn_deleted: int(11) optional
	yn_verified: int(11) optional
}
entity Log {
	cod_level: varchar(10) optional
	id_log: int(11) key
	id_user: int(11) optional
	tim_timestamp: timestamp
	txt_text: text
	txt_platform: varchar(30) optional
	txt_app_version: varchar(20) optional
	txt_device_name: varchar(200) optional
	txt_os_version: varchar(200) optional
	txt_user_agent: varchar(500) optional
}
entity Music {
	dom_source: varchar(15) optional
	id_music: int(11) key
	id_user: int(11)
	tim_timestamp: timestamp
	txt_content_url: varchar(300) optional
	txt_title: varchar(100)
	id_image: int(11) optional
	id_image_group: int(11) optional
	id_parent_comment: int(11)
	tim_create: timestamp
	id_user_update: int(11)
}
entity News {
	dom_type: varchar(15)
	id_news: int(11) key
	id_comment: int(11) optional
	id_user: int(11)
	id_user_participant: int(11) optional
	tim_timestamp: timestamp
	yn_seen: int(11) optional
}
entity Passion {
	id_passion: int(11) key
	txt_icon_url: varchar(300) optional
	txt_name: varchar(100)
}
entity Passioned {
	id_passion: int(11)
	id_passionate: int(11) optional
	id_passioned: int(11) key
	id_user: int(11) optional
}
entity Referral {
	id_referral: int(11) key
	id_user: int(11)
	id_user_referral: int(11) optional
	tim_timestamp: timestamp
	txt_email_referral: varchar(100) optional
	txt_text: text optional
}
entity Student {
	id: int(11) key
	name: varchar(255) optional
	birthday: date optional
	age: smallint(6) optional
}
weak entity Room {
	room_nr: int(11) partial-key
}
entity Suppress {
	id_comment: int(11)
	id_suppress: int(11) key
	id_user: int(11)
}
entity That_chat {
	id_chat: int(11) key
	id_user: int(11)
	id_user_receiver: int(11)
	tim_timestamp: timestamp
	txt_image_url: varchar(300) optional
	txt_text: text
}
entity That_chat_seen {
	id_chat_seen: int(11) key
	id_user: int(11)
	id_user_receiver: int(11)
	tim_timestamp: timestamp
}
entity That_comment {
	id_comment: int(11) key
	id_parent_comment: int(11) optional
	id_parent_thread: int(11) optional
	id_parent_user: int(11) optional
	id_user: int(11)
	tim_timestamp: timestamp
	txt_image_url: varchar(300) optional
	txt_text: text optional
}
entity That_device {
	id_user: int(11)
	tim_timestamp: timestamp
	txt_app_version: varchar(20) optional
	txt_device_name: varchar(200) optional
	txt_last_device_token: varchar(300)
	txt_os_version: varchar(200) optional
	txt_platform: varchar(30)
	txt_uuid: varchar(100)
}
entity That_event {
	frc_latitude: double optional
	frc_longitude: double optional
	id_event: int(11) key
	id_user: int(11)
	tim_end: timestamp
	tim_start: timestamp
	tim_timestamp: timestamp
	txt_image_url: varchar(300) optional
	txt_location: varchar(100) optional
	txt_text: varchar(1000) optional
	txt_title: varchar(100)
}
entity That_filter {
	id_filter: int(11) key
	id_filter_parent: int(11) optional
	txt_icon_url: varchar(300) optional
	txt_name: varchar(100)
}
entity That_filtered {
	id_filter: int(11)
	id_filtered: int(11) key
	id_thread: int(11) optional
	id_user: int(11) optional
}
entity That_global_settings {
	tim_last_newsletter_sent: timestamp optional
	txt_system: varchar(30) key
}
entity That_log {
	cod_level: varchar(10) optional
	id_log: int(11) key
	id_user: int(11) optional
	tim_timestamp: timestamp
	txt_app_version: varchar(20) optional
	txt_device_name: varchar(200) optional
	txt_os_version: varchar(200) optional
	txt_platform: varchar(30) optional
	txt_text: text optional
}
entity That_news {
	dom_type: varchar(15)
	id_news: int(11) key
	id_comment: int(11) optional
	id_user: int(11)
	id_user_participant: int(11) optional
	tim_timestamp: timestamp
	yn_seen: int(11) optional
}
entity That_referral {
	id_referral: int(11) key
	id_user: int(11)
	id_user_referral: int(11) optional
	tim_timestamp: timestamp
	txt_email_referral: varchar(100) optional
	txt_text: text optional
}
entity That_thread {
	frc_latitude: double optional
	frc_longitude: double optional
	id_thread: int(11) key
	id_user: int(11)
	tim_timestamp: timestamp
	txt_image_url: varchar(300) optional
	txt_title: varchar(100)
}
entity That_user {
	dom_forum_layout: varchar(15) optional
	dat_birth: date optional
	id_user: int(11) key
	tim_last_news_check: timestamp optional
	tim_last_online: timestamp optional
	tim_timestamp: timestamp
	txt_application: text optional
	txt_email: varchar(100)
	txt_gender: varchar(30) optional
	txt_image_url: varchar(300)
	txt_name: varchar(100)
	txt_name_full: varchar(100)
	txt_native_user_id: varchar(100)
	yn_activated: int(11) optional
	yn_activation_request: int(11) optional
	yn_admin: int(11) optional
	yn_filter_active: int(11) optional
	yn_invited: int(11) optional
	yn_map_filter_active: int(11) optional
	yn_newsletter: int(11) optional
	yn_notify_activation: int(11) optional
	yn_notify_referral: int(11) optional
	yn_online: int(11) optional
	yn_verified: int(11) optional
}
entity Thread {
	id_thread: int(11) key
	id_user: int(11)
	tim_timestamp: timestamp
	txt_title: varchar(100)
	frc_latitude: double optional
	frc_longitude: double optional
	id_image: int(11) optional
	id_image_group: int(11) optional
	id_parent_comment: int(11)
	txt_shop: varchar(40) optional
	tim_create: timestamp
	id_user_update: int(11)
}
entity Transaction {
	frc_coins: double
	id_user: int(11)
	id_user_receiver: int(11)
	id_thread: int(11) optional
	id_transaction: int(11) key
	tim_timestamp: timestamp
	txt_text: text optional
}
entity Url_metadata {
	id_comment: int(11)
	id_metadata: int(11) key
	txt_audio_url: varchar(1000) optional
	txt_image_url: varchar(1000) optional
	txt_site_name: varchar(1000) optional
	txt_text: varchar(1000) optional
	txt_title: varchar(1000) optional
	txt_url: varchar(1000) optional
}
entity User {
	id_user: int(11) key
	tim_last_news_check: timestamp optional
	tim_timestamp: timestamp optional
	txt_email: varchar(100)
	txt_gender: varchar(30) optional
	txt_name: varchar(100)
	txt_native_user_id: varchar(100)
	dom_forum_layout: varchar(15) optional
	yn_activated: int(11) optional
	yn_activation_request: int(11) optional
	yn_admin: int(11) optional
	yn_filter_active: int(11) optional
	yn_newsletter: int(11) optional
	yn_verified: int(11) optional
	txt_application: text optional
	tim_last_online: timestamp optional
	yn_invited: int(11) optional
	yn_map_filter_active: int(11) optional
	yn_notify_activation: int(11) optional
	yn_notify_referral: int(11) optional
	yn_online: int(11) optional
	dat_birth: date optional
	id_image: int(11) optional
	id_parent_comment: int(11)
	yn_verify_link: int(11) optional
	tim_create: timestamp
	tim_update: timestamp
	frc_coins: double
	txt_name_first: varchar(100)
	txt_name_last: varchar(100)
}
// Relationships
relationship Exam {
	Student[1..*] -> Course[1..*] -> Instructor[1..*]	// example cardinalities
	points: double optional
}
weak relationship CourseLecture {
	Course[1..1] -> Lecture[0..*]
}
relationship Location {
	Building[1..*] -> Department[1..*]	// example cardinalities
}
relationship Office {
	Room[1..*] -> Instructor[1..*]	// example cardinalities
}
weak relationship BuildingRoom {
	Building[1..1] -> Room[0..*]
}
relationship Work {
	Instructor[1..*] -> Department[1..*]	// example cardinalities
}
