// ER Model
erdiagram test
// Options
notation=crowsfoot
// Entities
entity Building {
	building_id: character(8) key
	address: character_varying(255) optional
}
entity Course {
	course_nr: integer key
	course_name: character_varying(100) optional
	credits: smallint optional
}
entity Department {
	dept_nr: integer key
	name: character_varying(100) optional
	abbreviation: character(5) optional
}
entity Instructor {
	instructor_id: integer key
	name: character_varying(255) optional
}
weak entity Lecture {
	title: character_varying(255) partial-key
}
weak entity Room {
	room_nr: integer partial-key
}
entity Student {
	id: integer key
	name: character_varying(255) optional
	birthday: date optional
	age: smallint optional
}
// Relationships
relationship Exam {
	Course[1+] -> Student[1+] -> Instructor[1+]	// example cardinalities
	points: double optional
}
weak relationship CourseLecture {
	Course[1] -> Lecture[0+]
}
relationship Location {
	Building[1+] -> Department[1+]	// example cardinalities
}
relationship Office {
	Room[1+] -> Instructor[1+]	// example cardinalities
}
weak relationship BuildingRoom {
	Building[1] -> Room[0+]
}
relationship Work {
	Department[1+] -> Instructor[1+]	// example cardinalities
}
