// ER Model
erdiagram test
// Options
notation=crowsfoot
// Entities
weak entity Room {
	room_nr: integer partial-key
}
// Relationships
relationship Exam {
	Course[1+] -> Student[1+] -> Instructor[1+]	// example cardinalities
	points: double optional
}
weak relationship BuildingRoom {
	Building[1] -> Room[0+]
}
